source=Duden
ok=true
url=https://www.duden.de/rechtschreibung/verlieben?amp
entry 1 headword=ver­lie­ben title=ver­lie­ben part_of_speech=schwaches Verb grammar=schwaches Verb url=https://www.duden.de/rechtschreibung/verlieben?amp
synonyms sense=- items=[Feuer fangen | sich vernarren | (österreichisch) sich verschauen | (gehoben) in Liebe entbrennen/erglühen]
sense 1 source_id=- label=1 definition=von Liebe zu jemandem ergriffen werden
examples=[er verliebte sich [in sie, in ihre Augen] | ein verliebtes Pärchen | sie ist hoffnungslos, unsterblich, unglücklich, bis über beide Ohren verliebt | jemandem verliebte Augen machen, verliebte Blicke zuwerfen (durch Blicke seine Zuneigung zeigen) | ⟨substantiviert:⟩ zum Verlieben sein, aussehen | ⟨in übertragener Bedeutung:⟩ in dieses Bild bin ich geradezu verliebt | ⟨in übertragener Bedeutung:⟩ er ist ganz verliebt in seine Idee]
