source=Openthesaurus
ok=true
url=https://www.openthesaurus.de/synonyme/springen
entry 1 headword=springen
group 1 categories=[] items=[hibbeln, hoppeln, hopsen, hüpfen, jumpen]
group 2 categories=[] items=[aufplatzen, bersten, in Scherben gehen, in tausend Stücke zerspringen, platzen, splittern, zerbrechen, zerplatzen, zerschellen, zersplittern, zerspringen, zu Bruch gehen, zerbersten]
group 3 categories=[] items=[herausspringen, schnell verlassen, springen (aus), rausspringen]
group 4 categories=[] items=[sich (von irgendwoher) hinabfallen lassen, sich hinabstürzen (von / aus ...), sich stürzen (von irgendwoher), (von irgendwoher) springen]
group 5 categories=[] items=[springen (über), hopsen (über), hüpfen (über), jumpen (über)]
group 6 categories=[] items=[gehorchen, Anweisungen befolgen, (den Anordnungen) Folge leisten, parieren, (nach jemandes) Pfeife tanzen, tun, was man gesagt bekommt, (sich) Weisungen fügen, spuren]
